// Vitest Snapshot v1

exports[`BlogPosts > renders BlogPosts 1`] = `
<DocumentFragment>
  <style>
    
          ._hsBlogPost_f64816 { } ._hsBlogPost_f64816:hover { } ._hsBlogPostTitle_f64816 { font-size: 16px; } ._hsBlogPostTitle_f64816:hover { font-size: 16px; } ._hsBlogPostAuthor_f64816 { font-size: 16px; } ._hsBlogPostAuthor_f64816:hover { font-size: 16px; } ._hsBlogPostTag_f64816 { border-radius: undefinedpx; } ._hsBlogPostTag_f64816:hover { } ._hsBlogPostPublishDate_f64816 { } ._hsBlogPostPublishDate_f64816:hover { } ._hsBlogPostDescription_f64816 { } ._hsBlogPostDescription_f64816:hover { } ._hsBlogPostButton_f64816 { } ._hsBlogPostButton_f64816:hover { }
        
  </style>
  <section
    class="_hsBlogPostListing_f64816 _hsBlogPostGrid_f64816"
  >
    <article
      class="_hsBlogPost_f64816 _hsBlogPostListingPostColumn3_f64816"
      data-testid="blog-post"
      style="--grid-post-width: calc(50% - 0.5rem); --grid-space-between-posts: 1rem; --grid-post-width-three-column: calc(33.3% - 0.66rem); --grid-post-width-four-column: calc(25% - 0.75rem);"
    >
      <a
        aria-label="Featured image text Bone structure of a foot"
        class=""
        data-testid="blog-post-image"
        href="https://test-domain/blog/01-01-2023/broken-ankles"
        style="--margin-right: 20px; --order: 1; --border-radius: 0px;"
      >
        <img
          class="_hsBlogPostListingImage_f64816"
          src="https://www.mayoclinic.org/-/media/kcms/gbs/patient-consumer/images/2013/08/26/11/10/ds00951_im03497_r7_footanklethu_jpg.jpg"
        />
      </a>
      <div
        class="_hsBlogPostListingContent_f64816"
      >
        <h2
          class="_hsBlogPostTitle_f64816"
        >
          <a
            class="_hsBlogPostTitle_f64816"
            href="https://test-domain/blog/01-01-2023/broken-ankles"
          >
            How to break your ankle and still smile
          </a>
        </h2>
        <div
          class="_hsBlogPostAuthor_f64816"
          data-testid="author-wrapper"
        >
          <div
            class="_hsBlogPostAuthorImageWrapper_f64816"
          >
            <img
              class="_hsBlogPostAuthorImage_f64816"
              data-testid="author-avatar"
              loading="lazy"
              src="https://cdn3.iconfinder.com/data/icons/avatars-9/145/Avatar_Cat-512.png"
            />
          </div>
          <a
            class="_hsBlogPostAuthor_f64816"
            data-testid="author-name"
            href="undefined/author/brandonvandyck"
          >
            Brandon Van Dyck
          </a>
        </div>
      </div>
    </article>
    <article
      class="_hsBlogPost_f64816 _hsBlogPostListingPostColumn3_f64816"
      data-testid="blog-post"
      style="--grid-post-width: calc(50% - 0.5rem); --grid-space-between-posts: 1rem; --grid-post-width-three-column: calc(33.3% - 0.66rem); --grid-post-width-four-column: calc(25% - 0.75rem);"
    >
      <a
        aria-label="Featured image text Electric bike"
        class=""
        data-testid="blog-post-image"
        href="https://test-domain/blog/01-02-2023/ebikes"
        style="--margin-right: 20px; --order: 1; --border-radius: 0px;"
      >
        <img
          class="_hsBlogPostListingImage_f64816"
          src="https://pedegoelectricbikes.com/wp-content/uploads/2020/12/pedego-ridge-rider-classic-600x494.jpg"
        />
      </a>
      <div
        class="_hsBlogPostListingContent_f64816"
      >
        <h2
          class="_hsBlogPostTitle_f64816"
        >
          <a
            class="_hsBlogPostTitle_f64816"
            href="https://test-domain/blog/01-02-2023/ebikes"
          >
            E-Bikes: A Guide to Building and Riding
          </a>
        </h2>
        <div
          class="_hsBlogPostAuthor_f64816"
          data-testid="author-wrapper"
        >
          <div
            class="_hsBlogPostAuthorImageWrapper_f64816"
          >
            <img
              class="_hsBlogPostAuthorImage_f64816"
              data-testid="author-avatar"
              loading="lazy"
              src="https://cdn3.iconfinder.com/data/icons/avatars-9/145/Avatar_Cat-512.png"
            />
          </div>
          <a
            class="_hsBlogPostAuthor_f64816"
            data-testid="author-name"
            href="undefined/author/jblake"
          >
            Joey Blake
          </a>
        </div>
      </div>
    </article>
    <article
      class="_hsBlogPost_f64816 _hsBlogPostListingPostColumn3_f64816"
      data-testid="blog-post"
      style="--grid-post-width: calc(50% - 0.5rem); --grid-space-between-posts: 1rem; --grid-post-width-three-column: calc(33.3% - 0.66rem); --grid-post-width-four-column: calc(25% - 0.75rem);"
    >
      <a
        aria-label="Featured image text Home with mesh wifi "
        class=""
        data-testid="blog-post-image"
        href="https://test-domain/blog/01-03-2023/wifi"
        style="--margin-right: 20px; --order: 1; --border-radius: 0px;"
      >
        <img
          class="_hsBlogPostListingImage_f64816"
          src="https://m.media-amazon.com/images/I/41bMo8AYiML._AC_SY1000_.jpg"
        />
      </a>
      <div
        class="_hsBlogPostListingContent_f64816"
      >
        <h2
          class="_hsBlogPostTitle_f64816"
        >
          <a
            class="_hsBlogPostTitle_f64816"
            href="https://test-domain/blog/01-03-2023/wifi"
          >
            Mesh Wifi: Boost your home wifi experience
          </a>
        </h2>
        <div
          class="_hsBlogPostAuthor_f64816"
          data-testid="author-wrapper"
        >
          <div
            class="_hsBlogPostAuthorImageWrapper_f64816"
          >
            <img
              class="_hsBlogPostAuthorImage_f64816"
              data-testid="author-avatar"
              loading="lazy"
              src="https://cdn3.iconfinder.com/data/icons/avatars-9/145/Avatar_Cat-512.png"
            />
          </div>
          <a
            class="_hsBlogPostAuthor_f64816"
            data-testid="author-name"
            href="undefined/author/wwifi"
          >
            Wilfred Wilhelm Wifi
          </a>
        </div>
      </div>
    </article>
    <article
      class="_hsBlogPost_f64816 _hsBlogPostListingPostColumn3_f64816"
      data-testid="blog-post"
      style="--grid-post-width: calc(50% - 0.5rem); --grid-space-between-posts: 1rem; --grid-post-width-three-column: calc(33.3% - 0.66rem); --grid-post-width-four-column: calc(25% - 0.75rem);"
    >
      <a
        aria-label="Featured image text Chef using alcohol and fire to cook a dish"
        class=""
        data-testid="blog-post-image"
        href="https://test-domain/blog/01-04-2023/being-a-chef"
        style="--margin-right: 20px; --order: 1; --border-radius: 0px;"
      >
        <img
          class="_hsBlogPostListingImage_f64816"
          src="https://www.finedininglovers.com/sites/g/files/xknfdk626/files/2021-07/chef%20%281%29.jpg"
        />
      </a>
      <div
        class="_hsBlogPostListingContent_f64816"
      >
        <h2
          class="_hsBlogPostTitle_f64816"
        >
          <a
            class="_hsBlogPostTitle_f64816"
            href="https://test-domain/blog/01-04-2023/being-a-chef"
          >
            Being a Chef: To live amongst flame
          </a>
        </h2>
        <div
          class="_hsBlogPostAuthor_f64816"
          data-testid="author-wrapper"
        >
          <a
            class="_hsBlogPostAuthor_f64816"
            data-testid="author-name"
            href="undefined/author/chefredknifer"
          >
            Chefred Knifer
          </a>
        </div>
      </div>
    </article>
  </section>
</DocumentFragment>
`;
